9. [GET] http://localhost:18080/dashboard => [200] 
10. [GET] http://localhost:18080/projects => [200] 
11. [GET] http://localhost:18080/jobs => [200] 
12. [GET] http://localhost:18080/outputs => [200] 
13. [GET] http://localhost:18080/inbox => [200] 
14. [GET] http://localhost:18080/agents => [200] 
15. [GET] http://localhost:18080/plans => [200] 
16. [GET] http://localhost:18080/workflows => [200] 
17. [GET] http://localhost:18080/settings => [200] 
18. [GET] http://localhost:18080/api/agents => [200] 
19. [GET] http://localhost:18080/api/dashboard/summary => [200] 
20. [POST] http://localhost:18080/api/projects => [200] 
21. [GET] http://localhost:18080/api/projects/a407c9a1-fbf7-4b0a-a53c-4a64c12d8808 => [200] 
22. [GET] http://localhost:18080/api/projects/a407c9a1-fbf7-4b0a-a53c-4a64c12d8808/workspace => [200] 
23. [POST] http://localhost:18080/api/projects => [200] 
24. [POST] http://localhost:18080/api/projects => [400] 
25. [POST] http://localhost:18080/api/jobs => [200] 
26. [GET] http://localhost:18080/api/jobs?agentId=5bbdc8cb-dfb8-4114-ada3-7c108eccc742 => [200] 
27. [POST] http://localhost:18080/api/jobs/8817e8a2-ab08-462d-ac95-941e0cb10711/items => [200] 
28. [POST] http://localhost:18080/api/jobs/8817e8a2-ab08-462d-ac95-941e0cb10711/items => [400] 
29. [GET] http://localhost:18080/api/jobs/8817e8a2-ab08-462d-ac95-941e0cb10711/items => [200] 
30. [GET] http://localhost:18080/api/jobs/8817e8a2-ab08-462d-ac95-941e0cb10711/events => [200] 
31. [GET] http://localhost:18080/api/jobs/8817e8a2-ab08-462d-ac95-941e0cb10711/outputs => [200] 
32. [GET] http://localhost:18080/api/outputs?limit=10 => [200] 
33. [GET] http://localhost:18080/api/outputs?jobId=does-not-exist&limit=10 => [200] 
34. [GET] http://localhost:18080/api/agents/5bbdc8cb-dfb8-4114-ada3-7c108eccc742/inbox => [200] 
35. [GET] http://localhost:18080/api/users/inbox => [200] 

Note: 8 static requests not shown, run with "static" option to see them.