2026-02-06 00:53:01.897 [main] INFO  com.magenta.tools.FileSystemTools - Writing file: test_sandbox/hello.txt (11 bytes)
2026-02-06 00:53:01.915 [main] WARN  com.magenta.tools.FileSystemTools - Recursively deleting directory and all contents: test_sandbox
2026-02-06 00:53:01.920 [main] INFO  com.magenta.tools.FileSystemTools - Writing file: test_sandbox/file1.txt (7 bytes)
2026-02-06 00:53:01.921 [main] WARN  com.magenta.tools.FileSystemTools - Recursively deleting directory and all contents: test_sandbox
2026-02-06 00:53:01.935 [main] INFO  com.magenta.tools.FileSystemTools - Writing file: test_sandbox/todelete.txt (3 bytes)
2026-02-06 00:53:01.936 [main] WARN  com.magenta.tools.FileSystemTools - Deleting: test_sandbox/todelete.txt
2026-02-06 00:53:01.936 [main] WARN  com.magenta.tools.FileSystemTools - Recursively deleting directory and all contents: test_sandbox
2026-02-06 01:26:16.868 [main] INFO  com.magenta.tools.FileSystemTools - Writing file: test_sandbox/hello.txt (11 bytes)
2026-02-06 01:26:16.870 [main] WARN  com.magenta.tools.FileSystemTools - Recursively deleting directory and all contents: test_sandbox
2026-02-06 01:26:16.875 [main] INFO  com.magenta.tools.FileSystemTools - Writing file: test_sandbox/file1.txt (7 bytes)
2026-02-06 01:26:16.876 [main] WARN  com.magenta.tools.FileSystemTools - Recursively deleting directory and all contents: test_sandbox
2026-02-06 01:26:16.888 [main] INFO  com.magenta.tools.FileSystemTools - Writing file: test_sandbox/todelete.txt (3 bytes)
2026-02-06 01:26:16.889 [main] WARN  com.magenta.tools.FileSystemTools - Deleting: test_sandbox/todelete.txt
2026-02-06 01:26:16.889 [main] WARN  com.magenta.tools.FileSystemTools - Recursively deleting directory and all contents: test_sandbox
2026-02-06 01:34:20.867 [main] INFO  com.magenta.tools.FileSystemTools - Writing file: test_sandbox/hello.txt (11 bytes)
2026-02-06 01:34:20.870 [main] WARN  com.magenta.tools.FileSystemTools - Recursively deleting directory and all contents: test_sandbox
2026-02-06 01:34:20.875 [main] INFO  com.magenta.tools.FileSystemTools - Writing file: test_sandbox/file1.txt (7 bytes)
2026-02-06 01:34:20.876 [main] WARN  com.magenta.tools.FileSystemTools - Recursively deleting directory and all contents: test_sandbox
2026-02-06 01:34:20.890 [main] INFO  com.magenta.tools.FileSystemTools - Writing file: test_sandbox/todelete.txt (3 bytes)
2026-02-06 01:34:20.890 [main] WARN  com.magenta.tools.FileSystemTools - Deleting: test_sandbox/todelete.txt
2026-02-06 01:34:20.891 [main] WARN  com.magenta.tools.FileSystemTools - Recursively deleting directory and all contents: test_sandbox
2026-02-06 03:16:35.058 [main] INFO  com.magenta.tools.FileSystemTools - Writing file: test_sandbox/hello.txt (11 bytes)
2026-02-06 03:16:35.060 [main] WARN  com.magenta.tools.FileSystemTools - Recursively deleting directory and all contents: test_sandbox
2026-02-06 03:16:35.064 [main] INFO  com.magenta.tools.FileSystemTools - Writing file: test_sandbox/file1.txt (7 bytes)
2026-02-06 03:16:35.065 [main] WARN  com.magenta.tools.FileSystemTools - Recursively deleting directory and all contents: test_sandbox
2026-02-06 03:16:35.081 [main] INFO  com.magenta.tools.FileSystemTools - Writing file: test_sandbox/todelete.txt (3 bytes)
2026-02-06 03:16:35.081 [main] WARN  com.magenta.tools.FileSystemTools - Deleting: test_sandbox/todelete.txt
2026-02-06 03:16:35.082 [main] WARN  com.magenta.tools.FileSystemTools - Recursively deleting directory and all contents: test_sandbox
2026-02-06 03:21:45.978 [main] INFO  com.magenta.tools.FileSystemTools - Writing file: test_sandbox/hello.txt (11 bytes)
2026-02-06 03:21:45.980 [main] WARN  com.magenta.tools.FileSystemTools - Recursively deleting directory and all contents: test_sandbox
2026-02-06 03:21:45.985 [main] INFO  com.magenta.tools.FileSystemTools - Writing file: test_sandbox/file1.txt (7 bytes)
2026-02-06 03:21:45.986 [main] WARN  com.magenta.tools.FileSystemTools - Recursively deleting directory and all contents: test_sandbox
2026-02-06 03:21:46.002 [main] INFO  com.magenta.tools.FileSystemTools - Writing file: test_sandbox/todelete.txt (3 bytes)
2026-02-06 03:21:46.003 [main] WARN  com.magenta.tools.FileSystemTools - Deleting: test_sandbox/todelete.txt
2026-02-06 03:21:46.003 [main] WARN  com.magenta.tools.FileSystemTools - Recursively deleting directory and all contents: test_sandbox
2026-02-06 03:28:03.597 [main] INFO  com.magenta.tools.FileSystemTools - Writing file: test_sandbox/hello.txt (11 bytes)
2026-02-06 03:28:03.599 [main] WARN  com.magenta.tools.FileSystemTools - Recursively deleting directory and all contents: test_sandbox
2026-02-06 03:28:03.605 [main] INFO  com.magenta.tools.FileSystemTools - Writing file: test_sandbox/file1.txt (7 bytes)
2026-02-06 03:28:03.607 [main] WARN  com.magenta.tools.FileSystemTools - Recursively deleting directory and all contents: test_sandbox
2026-02-06 03:28:03.609 [main] INFO  com.magenta.tools.FileSystemTools - Writing file: test_sandbox/todelete.txt (3 bytes)
2026-02-06 03:28:03.610 [main] WARN  com.magenta.tools.FileSystemTools - Deleting: test_sandbox/todelete.txt
2026-02-06 03:28:03.611 [main] WARN  com.magenta.tools.FileSystemTools - Recursively deleting directory and all contents: test_sandbox
2026-02-06 03:30:56.271 [main] INFO  com.magenta.tools.FileSystemTools - Writing file: test_sandbox/hello.txt (11 bytes)
2026-02-06 03:30:56.273 [main] WARN  com.magenta.tools.FileSystemTools - Recursively deleting directory and all contents: test_sandbox
2026-02-06 03:30:56.278 [main] INFO  com.magenta.tools.FileSystemTools - Writing file: test_sandbox/file1.txt (7 bytes)
2026-02-06 03:30:56.279 [main] WARN  com.magenta.tools.FileSystemTools - Recursively deleting directory and all contents: test_sandbox
2026-02-06 03:30:56.281 [main] INFO  com.magenta.tools.FileSystemTools - Writing file: test_sandbox/todelete.txt (3 bytes)
2026-02-06 03:30:56.281 [main] WARN  com.magenta.tools.FileSystemTools - Deleting: test_sandbox/todelete.txt
2026-02-06 03:30:56.281 [main] WARN  com.magenta.tools.FileSystemTools - Recursively deleting directory and all contents: test_sandbox
2026-02-06 03:31:05.092 [main] INFO  com.magenta.tools.FileSystemTools - Writing file: test_sandbox/hello.txt (11 bytes)
2026-02-06 03:31:05.095 [main] WARN  com.magenta.tools.FileSystemTools - Recursively deleting directory and all contents: test_sandbox
2026-02-06 03:31:05.102 [main] INFO  com.magenta.tools.FileSystemTools - Writing file: test_sandbox/file1.txt (7 bytes)
2026-02-06 03:31:05.105 [main] WARN  com.magenta.tools.FileSystemTools - Recursively deleting directory and all contents: test_sandbox
2026-02-06 03:31:05.109 [main] INFO  com.magenta.tools.FileSystemTools - Writing file: test_sandbox/todelete.txt (3 bytes)
2026-02-06 03:31:05.109 [main] WARN  com.magenta.tools.FileSystemTools - Deleting: test_sandbox/todelete.txt
2026-02-06 03:31:05.110 [main] WARN  com.magenta.tools.FileSystemTools - Recursively deleting directory and all contents: test_sandbox
2026-02-06 03:33:00.606 [main] INFO  com.magenta.Main - Starting Magenta application...
2026-02-06 03:33:00.609 [main] INFO  com.magenta.config.ConfigManager - Loading configuration from: config.json
2026-02-06 03:33:01.078 [main] INFO  com.magenta.config.ConfigManager - Configuration loaded successfully
2026-02-06 03:33:01.078 [main] INFO  com.magenta.Main - Configuration loaded successfully
2026-02-06 03:33:10.888 [main] INFO  com.magenta.Main - Shutting down...
2026-02-06 03:33:34.660 [main] INFO  com.magenta.tools.FileSystemTools - Writing file: test_sandbox/hello.txt (11 bytes)
2026-02-06 03:33:34.662 [main] WARN  com.magenta.tools.FileSystemTools - Recursively deleting directory and all contents: test_sandbox
2026-02-06 03:33:34.668 [main] INFO  com.magenta.tools.FileSystemTools - Writing file: test_sandbox/file1.txt (7 bytes)
2026-02-06 03:33:34.669 [main] WARN  com.magenta.tools.FileSystemTools - Recursively deleting directory and all contents: test_sandbox
2026-02-06 03:33:34.671 [main] INFO  com.magenta.tools.FileSystemTools - Writing file: test_sandbox/todelete.txt (3 bytes)
2026-02-06 03:33:34.672 [main] WARN  com.magenta.tools.FileSystemTools - Deleting: test_sandbox/todelete.txt
2026-02-06 03:33:34.672 [main] WARN  com.magenta.tools.FileSystemTools - Recursively deleting directory and all contents: test_sandbox
2026-02-06 04:46:34.711 [main] INFO  com.magenta.MagentaRuntime - Starting Magenta application...
2026-02-06 04:46:34.713 [main] INFO  com.magenta.config.ConfigManager - Loading configuration from: config.json
2026-02-06 04:46:34.925 [main] INFO  com.magenta.config.ConfigManager - Configuration loaded successfully
2026-02-06 04:46:34.925 [main] INFO  com.magenta.MagentaRuntime - Configuration loaded successfully
2026-02-06 11:49:57.955 [main] INFO  com.magenta.tools.FileSystemTools - Writing file: test_sandbox/hello.txt (11 bytes)
2026-02-06 11:49:57.957 [main] WARN  com.magenta.tools.FileSystemTools - Recursively deleting directory and all contents: test_sandbox
2026-02-06 11:49:57.962 [main] INFO  com.magenta.tools.FileSystemTools - Writing file: test_sandbox/file1.txt (7 bytes)
2026-02-06 11:49:57.963 [main] WARN  com.magenta.tools.FileSystemTools - Recursively deleting directory and all contents: test_sandbox
2026-02-06 11:49:57.965 [main] INFO  com.magenta.tools.FileSystemTools - Writing file: test_sandbox/todelete.txt (3 bytes)
2026-02-06 11:49:57.965 [main] WARN  com.magenta.tools.FileSystemTools - Deleting: test_sandbox/todelete.txt
2026-02-06 11:49:57.965 [main] WARN  com.magenta.tools.FileSystemTools - Recursively deleting directory and all contents: test_sandbox
2026-02-06 11:50:03.877 [main] INFO  com.magenta.tools.FileSystemTools - Writing file: test_sandbox/hello.txt (11 bytes)
2026-02-06 11:50:03.880 [main] WARN  com.magenta.tools.FileSystemTools - Recursively deleting directory and all contents: test_sandbox
2026-02-06 11:50:03.885 [main] INFO  com.magenta.tools.FileSystemTools - Writing file: test_sandbox/file1.txt (7 bytes)
2026-02-06 11:50:03.886 [main] WARN  com.magenta.tools.FileSystemTools - Recursively deleting directory and all contents: test_sandbox
2026-02-06 11:50:03.887 [main] INFO  com.magenta.tools.FileSystemTools - Writing file: test_sandbox/todelete.txt (3 bytes)
2026-02-06 11:50:03.888 [main] WARN  com.magenta.tools.FileSystemTools - Deleting: test_sandbox/todelete.txt
2026-02-06 11:50:03.888 [main] WARN  com.magenta.tools.FileSystemTools - Recursively deleting directory and all contents: test_sandbox
2026-02-06 11:50:09.186 [main] INFO  com.magenta.tools.FileSystemTools - Writing file: test_sandbox/hello.txt (11 bytes)
2026-02-06 11:50:09.188 [main] WARN  com.magenta.tools.FileSystemTools - Recursively deleting directory and all contents: test_sandbox
2026-02-06 11:50:09.192 [main] INFO  com.magenta.tools.FileSystemTools - Writing file: test_sandbox/file1.txt (7 bytes)
2026-02-06 11:50:09.193 [main] WARN  com.magenta.tools.FileSystemTools - Recursively deleting directory and all contents: test_sandbox
2026-02-06 11:50:09.195 [main] INFO  com.magenta.tools.FileSystemTools - Writing file: test_sandbox/todelete.txt (3 bytes)
2026-02-06 11:50:09.195 [main] WARN  com.magenta.tools.FileSystemTools - Deleting: test_sandbox/todelete.txt
2026-02-06 11:50:09.195 [main] WARN  com.magenta.tools.FileSystemTools - Recursively deleting directory and all contents: test_sandbox
2026-02-06 11:52:10.627 [main] INFO  com.magenta.tools.FileSystemTools - Writing file: test_sandbox/hello.txt (11 bytes)
2026-02-06 11:52:10.631 [main] WARN  com.magenta.tools.FileSystemTools - Recursively deleting directory and all contents: test_sandbox
2026-02-06 11:52:10.636 [main] INFO  com.magenta.tools.FileSystemTools - Writing file: test_sandbox/file1.txt (7 bytes)
2026-02-06 11:52:10.637 [main] WARN  com.magenta.tools.FileSystemTools - Recursively deleting directory and all contents: test_sandbox
2026-02-06 11:52:10.639 [main] INFO  com.magenta.tools.FileSystemTools - Writing file: test_sandbox/todelete.txt (3 bytes)
2026-02-06 11:52:10.640 [main] WARN  com.magenta.tools.FileSystemTools - Deleting: test_sandbox/todelete.txt
2026-02-06 11:52:10.641 [main] WARN  com.magenta.tools.FileSystemTools - Recursively deleting directory and all contents: test_sandbox
2026-02-06 11:52:15.357 [main] INFO  com.magenta.tools.FileSystemTools - Writing file: test_sandbox/hello.txt (11 bytes)
2026-02-06 11:52:15.358 [main] WARN  com.magenta.tools.FileSystemTools - Recursively deleting directory and all contents: test_sandbox
2026-02-06 11:52:15.362 [main] INFO  com.magenta.tools.FileSystemTools - Writing file: test_sandbox/file1.txt (7 bytes)
2026-02-06 11:52:15.363 [main] WARN  com.magenta.tools.FileSystemTools - Recursively deleting directory and all contents: test_sandbox
2026-02-06 11:52:15.364 [main] INFO  com.magenta.tools.FileSystemTools - Writing file: test_sandbox/todelete.txt (3 bytes)
2026-02-06 11:52:15.364 [main] WARN  com.magenta.tools.FileSystemTools - Deleting: test_sandbox/todelete.txt
2026-02-06 11:52:15.365 [main] WARN  com.magenta.tools.FileSystemTools - Recursively deleting directory and all contents: test_sandbox
2026-02-06 11:52:20.267 [main] INFO  com.magenta.tools.FileSystemTools - Writing file: test_sandbox/hello.txt (11 bytes)
2026-02-06 11:52:20.270 [main] WARN  com.magenta.tools.FileSystemTools - Recursively deleting directory and all contents: test_sandbox
2026-02-06 11:52:20.275 [main] INFO  com.magenta.tools.FileSystemTools - Writing file: test_sandbox/file1.txt (7 bytes)
2026-02-06 11:52:20.277 [main] WARN  com.magenta.tools.FileSystemTools - Recursively deleting directory and all contents: test_sandbox
2026-02-06 11:52:20.279 [main] INFO  com.magenta.tools.FileSystemTools - Writing file: test_sandbox/todelete.txt (3 bytes)
2026-02-06 11:52:20.280 [main] WARN  com.magenta.tools.FileSystemTools - Deleting: test_sandbox/todelete.txt
2026-02-06 11:52:20.280 [main] WARN  com.magenta.tools.FileSystemTools - Recursively deleting directory and all contents: test_sandbox
2026-02-06 11:53:51.872 [main] INFO  com.magenta.tools.FileSystemTools - Writing file: test_sandbox/hello.txt (11 bytes)
2026-02-06 11:53:51.874 [main] WARN  com.magenta.tools.FileSystemTools - Recursively deleting directory and all contents: test_sandbox
2026-02-06 11:53:51.879 [main] INFO  com.magenta.tools.FileSystemTools - Writing file: test_sandbox/file1.txt (7 bytes)
2026-02-06 11:53:51.880 [main] WARN  com.magenta.tools.FileSystemTools - Recursively deleting directory and all contents: test_sandbox
2026-02-06 11:53:51.882 [main] INFO  com.magenta.tools.FileSystemTools - Writing file: test_sandbox/todelete.txt (3 bytes)
2026-02-06 11:53:51.883 [main] WARN  com.magenta.tools.FileSystemTools - Deleting: test_sandbox/todelete.txt
2026-02-06 11:53:51.883 [main] WARN  com.magenta.tools.FileSystemTools - Recursively deleting directory and all contents: test_sandbox
2026-02-06 11:55:12.882 [main] INFO  com.magenta.tools.FileSystemTools - Writing file: test_sandbox/hello.txt (11 bytes)
2026-02-06 11:55:12.885 [main] WARN  com.magenta.tools.FileSystemTools - Recursively deleting directory and all contents: test_sandbox
2026-02-06 11:55:12.889 [main] INFO  com.magenta.tools.FileSystemTools - Writing file: test_sandbox/file1.txt (7 bytes)
2026-02-06 11:55:12.891 [main] WARN  com.magenta.tools.FileSystemTools - Recursively deleting directory and all contents: test_sandbox
2026-02-06 11:55:12.892 [main] INFO  com.magenta.tools.FileSystemTools - Writing file: test_sandbox/todelete.txt (3 bytes)
2026-02-06 11:55:12.893 [main] WARN  com.magenta.tools.FileSystemTools - Deleting: test_sandbox/todelete.txt
2026-02-06 11:55:12.893 [main] WARN  com.magenta.tools.FileSystemTools - Recursively deleting directory and all contents: test_sandbox
2026-02-06 11:57:47.359 [main] INFO  com.magenta.tools.FileSystemTools - Writing file: test_sandbox/hello.txt (11 bytes)
2026-02-06 11:57:47.362 [main] WARN  com.magenta.tools.FileSystemTools - Recursively deleting directory and all contents: test_sandbox
2026-02-06 11:57:47.367 [main] INFO  com.magenta.tools.FileSystemTools - Writing file: test_sandbox/file1.txt (7 bytes)
2026-02-06 11:57:47.368 [main] WARN  com.magenta.tools.FileSystemTools - Recursively deleting directory and all contents: test_sandbox
2026-02-06 11:57:47.370 [main] INFO  com.magenta.tools.FileSystemTools - Writing file: test_sandbox/todelete.txt (3 bytes)
2026-02-06 11:57:47.370 [main] WARN  com.magenta.tools.FileSystemTools - Deleting: test_sandbox/todelete.txt
2026-02-06 11:57:47.371 [main] WARN  com.magenta.tools.FileSystemTools - Recursively deleting directory and all contents: test_sandbox
2026-02-06 12:10:53.856 [main] INFO  com.magenta.tools.FileSystemTools - Writing file: test_sandbox/hello.txt (11 bytes)
2026-02-06 12:10:53.858 [main] WARN  com.magenta.tools.FileSystemTools - Recursively deleting directory and all contents: test_sandbox
2026-02-06 12:10:53.862 [main] INFO  com.magenta.tools.FileSystemTools - Writing file: test_sandbox/file1.txt (7 bytes)
2026-02-06 12:10:53.863 [main] WARN  com.magenta.tools.FileSystemTools - Recursively deleting directory and all contents: test_sandbox
2026-02-06 12:10:53.864 [main] INFO  com.magenta.tools.FileSystemTools - Writing file: test_sandbox/todelete.txt (3 bytes)
2026-02-06 12:10:53.864 [main] WARN  com.magenta.tools.FileSystemTools - Deleting: test_sandbox/todelete.txt
2026-02-06 12:10:53.865 [main] WARN  com.magenta.tools.FileSystemTools - Recursively deleting directory and all contents: test_sandbox
2026-02-06 12:12:07.051 [main] INFO  com.magenta.tools.FileSystemTools - Writing file: test_sandbox/hello.txt (11 bytes)
2026-02-06 12:12:07.053 [main] WARN  com.magenta.tools.FileSystemTools - Recursively deleting directory and all contents: test_sandbox
2026-02-06 12:12:07.057 [main] INFO  com.magenta.tools.FileSystemTools - Writing file: test_sandbox/file1.txt (7 bytes)
2026-02-06 12:12:07.058 [main] WARN  com.magenta.tools.FileSystemTools - Recursively deleting directory and all contents: test_sandbox
2026-02-06 12:12:07.059 [main] INFO  com.magenta.tools.FileSystemTools - Writing file: test_sandbox/todelete.txt (3 bytes)
2026-02-06 12:12:07.059 [main] WARN  com.magenta.tools.FileSystemTools - Deleting: test_sandbox/todelete.txt
2026-02-06 12:12:07.059 [main] WARN  com.magenta.tools.FileSystemTools - Recursively deleting directory and all contents: test_sandbox
2026-02-06 12:50:56.003 [main] INFO  com.magenta.tools.FileSystemTools - Writing file: test_sandbox/hello.txt (11 bytes)
2026-02-06 12:50:56.005 [main] WARN  com.magenta.tools.FileSystemTools - Recursively deleting directory and all contents: test_sandbox
2026-02-06 12:50:56.010 [main] INFO  com.magenta.tools.FileSystemTools - Writing file: test_sandbox/file1.txt (7 bytes)
2026-02-06 12:50:56.011 [main] WARN  com.magenta.tools.FileSystemTools - Recursively deleting directory and all contents: test_sandbox
2026-02-06 12:50:56.013 [main] INFO  com.magenta.tools.FileSystemTools - Writing file: test_sandbox/todelete.txt (3 bytes)
2026-02-06 12:50:56.013 [main] WARN  com.magenta.tools.FileSystemTools - Deleting: test_sandbox/todelete.txt
2026-02-06 12:50:56.014 [main] WARN  com.magenta.tools.FileSystemTools - Recursively deleting directory and all contents: test_sandbox
2026-02-06 12:52:09.612 [main] INFO  com.magenta.tools.FileSystemTools - Writing file: test_sandbox/hello.txt (11 bytes)
2026-02-06 12:52:09.614 [main] WARN  com.magenta.tools.FileSystemTools - Recursively deleting directory and all contents: test_sandbox
2026-02-06 12:52:09.621 [main] INFO  com.magenta.tools.FileSystemTools - Writing file: test_sandbox/file1.txt (7 bytes)
2026-02-06 12:52:09.623 [main] WARN  com.magenta.tools.FileSystemTools - Recursively deleting directory and all contents: test_sandbox
2026-02-06 12:52:09.625 [main] INFO  com.magenta.tools.FileSystemTools - Writing file: test_sandbox/todelete.txt (3 bytes)
2026-02-06 12:52:09.625 [main] WARN  com.magenta.tools.FileSystemTools - Deleting: test_sandbox/todelete.txt
2026-02-06 12:52:09.625 [main] WARN  com.magenta.tools.FileSystemTools - Recursively deleting directory and all contents: test_sandbox
2026-02-06 13:07:46.936 [main] INFO  com.magenta.tools.FileSystemTools - Writing file: test_sandbox/hello.txt (11 bytes)
2026-02-06 13:07:46.938 [main] WARN  com.magenta.tools.FileSystemTools - Recursively deleting directory and all contents: test_sandbox
2026-02-06 13:07:46.942 [main] INFO  com.magenta.tools.FileSystemTools - Writing file: test_sandbox/file1.txt (7 bytes)
2026-02-06 13:07:46.944 [main] WARN  com.magenta.tools.FileSystemTools - Recursively deleting directory and all contents: test_sandbox
2026-02-06 13:07:46.945 [main] INFO  com.magenta.tools.FileSystemTools - Writing file: test_sandbox/todelete.txt (3 bytes)
2026-02-06 13:07:46.946 [main] WARN  com.magenta.tools.FileSystemTools - Deleting: test_sandbox/todelete.txt
2026-02-06 13:07:46.946 [main] WARN  com.magenta.tools.FileSystemTools - Recursively deleting directory and all contents: test_sandbox
2026-02-06 13:09:47.884 [main] INFO  com.magenta.config.ConfigManager - Loading configuration from: config/default.json
2026-02-06 13:09:47.973 [main] ERROR com.magenta.config.ConfigManager - Failed to load or parse configuration from config/default.json: config/default.json (No such file or directory)
2026-02-06 13:09:47.984 [main] INFO  com.magenta.config.ConfigManager - Loading configuration from: config/default.json
2026-02-06 13:09:47.985 [main] ERROR com.magenta.config.ConfigManager - Failed to load or parse configuration from config/default.json: config/default.json (No such file or directory)
2026-02-06 13:09:47.988 [main] INFO  com.magenta.config.ConfigManager - Loading configuration from: config/default.json
2026-02-06 13:09:47.989 [main] ERROR com.magenta.config.ConfigManager - Failed to load or parse configuration from config/default.json: config/default.json (No such file or directory)
2026-02-06 13:09:47.992 [main] INFO  com.magenta.config.ConfigManager - Loading configuration from: config/default.json
2026-02-06 13:09:47.992 [main] ERROR com.magenta.config.ConfigManager - Failed to load or parse configuration from config/default.json: config/default.json (No such file or directory)
2026-02-06 13:09:47.996 [main] INFO  com.magenta.config.ConfigManager - Loading configuration from: config/default.json
2026-02-06 13:09:47.997 [main] ERROR com.magenta.config.ConfigManager - Failed to load or parse configuration from config/default.json: config/default.json (No such file or directory)
2026-02-06 13:09:48.000 [main] INFO  com.magenta.config.ConfigManager - Loading configuration from: config/default.json
2026-02-06 13:09:48.000 [main] ERROR com.magenta.config.ConfigManager - Failed to load or parse configuration from config/default.json: config/default.json (No such file or directory)
2026-02-06 13:09:48.003 [main] INFO  com.magenta.config.ConfigManager - Loading configuration from: config/default.json
2026-02-06 13:09:48.003 [main] ERROR com.magenta.config.ConfigManager - Failed to load or parse configuration from config/default.json: config/default.json (No such file or directory)
2026-02-06 13:09:48.006 [main] INFO  com.magenta.config.ConfigManager - Loading configuration from: config/default.json
2026-02-06 13:09:48.006 [main] ERROR com.magenta.config.ConfigManager - Failed to load or parse configuration from config/default.json: config/default.json (No such file or directory)
2026-02-06 13:10:14.399 [main] INFO  com.magenta.config.ConfigManager - Loading configuration from: config.json
2026-02-06 13:10:14.582 [main] INFO  com.magenta.config.ConfigManager - Configuration loaded successfully
2026-02-06 13:10:49.231 [main] INFO  com.magenta.config.ConfigManager - Loading configuration from: config.json
2026-02-06 13:10:49.408 [main] INFO  com.magenta.config.ConfigManager - Configuration loaded successfully
2026-02-06 13:10:50.406 [main] INFO  com.magenta.tools.FileSystemTools - Writing file: test_sandbox/hello.txt (11 bytes)
2026-02-06 13:10:50.407 [main] WARN  com.magenta.tools.FileSystemTools - Recursively deleting directory and all contents: test_sandbox
2026-02-06 13:10:50.410 [main] INFO  com.magenta.tools.FileSystemTools - Writing file: test_sandbox/file1.txt (7 bytes)
2026-02-06 13:10:50.411 [main] WARN  com.magenta.tools.FileSystemTools - Recursively deleting directory and all contents: test_sandbox
2026-02-06 13:10:50.412 [main] INFO  com.magenta.tools.FileSystemTools - Writing file: test_sandbox/todelete.txt (3 bytes)
2026-02-06 13:10:50.412 [main] WARN  com.magenta.tools.FileSystemTools - Deleting: test_sandbox/todelete.txt
2026-02-06 13:10:50.413 [main] WARN  com.magenta.tools.FileSystemTools - Recursively deleting directory and all contents: test_sandbox
2026-02-06 13:15:37.184 [main] INFO  com.magenta.config.ConfigManager - Loading configuration from: config.json
2026-02-06 13:15:37.359 [main] INFO  com.magenta.config.ConfigManager - Configuration loaded successfully
2026-02-06 13:15:38.112 [main] INFO  com.magenta.tools.FileSystemTools - Writing file: test_sandbox/hello.txt (11 bytes)
2026-02-06 13:15:38.113 [main] WARN  com.magenta.tools.FileSystemTools - Recursively deleting directory and all contents: test_sandbox
2026-02-06 13:15:38.115 [main] INFO  com.magenta.tools.FileSystemTools - Writing file: test_sandbox/file1.txt (7 bytes)
2026-02-06 13:15:38.116 [main] WARN  com.magenta.tools.FileSystemTools - Recursively deleting directory and all contents: test_sandbox
2026-02-06 13:15:38.117 [main] INFO  com.magenta.tools.FileSystemTools - Writing file: test_sandbox/todelete.txt (3 bytes)
2026-02-06 13:15:38.117 [main] WARN  com.magenta.tools.FileSystemTools - Deleting: test_sandbox/todelete.txt
2026-02-06 13:15:38.118 [main] WARN  com.magenta.tools.FileSystemTools - Recursively deleting directory and all contents: test_sandbox
2026-02-06 14:38:07.143 [main] INFO  com.magenta.config.ConfigManager - Loading configuration from: config.json
2026-02-06 14:38:07.318 [main] INFO  com.magenta.config.ConfigManager - Configuration loaded successfully
2026-02-06 14:38:08.085 [main] INFO  com.magenta.tools.FileSystemTools - Writing file: test_sandbox/hello.txt (11 bytes)
2026-02-06 14:38:08.086 [main] WARN  com.magenta.tools.FileSystemTools - Recursively deleting directory and all contents: test_sandbox
2026-02-06 14:38:08.090 [main] INFO  com.magenta.tools.FileSystemTools - Writing file: test_sandbox/file1.txt (7 bytes)
2026-02-06 14:38:08.091 [main] WARN  com.magenta.tools.FileSystemTools - Recursively deleting directory and all contents: test_sandbox
2026-02-06 14:38:08.093 [main] INFO  com.magenta.tools.FileSystemTools - Writing file: test_sandbox/todelete.txt (3 bytes)
2026-02-06 14:38:08.093 [main] WARN  com.magenta.tools.FileSystemTools - Deleting: test_sandbox/todelete.txt
2026-02-06 14:38:08.093 [main] WARN  com.magenta.tools.FileSystemTools - Recursively deleting directory and all contents: test_sandbox
2026-02-06 14:38:19.960 [main] INFO  com.magenta.config.ConfigManager - Loading configuration from: config.json
2026-02-06 14:38:20.152 [main] INFO  com.magenta.config.ConfigManager - Configuration loaded successfully
2026-02-06 14:38:20.944 [main] INFO  com.magenta.tools.FileSystemTools - Writing file: test_sandbox/hello.txt (11 bytes)
2026-02-06 14:38:20.945 [main] WARN  com.magenta.tools.FileSystemTools - Recursively deleting directory and all contents: test_sandbox
2026-02-06 14:38:20.948 [main] INFO  com.magenta.tools.FileSystemTools - Writing file: test_sandbox/file1.txt (7 bytes)
2026-02-06 14:38:20.949 [main] WARN  com.magenta.tools.FileSystemTools - Recursively deleting directory and all contents: test_sandbox
2026-02-06 14:38:20.950 [main] INFO  com.magenta.tools.FileSystemTools - Writing file: test_sandbox/todelete.txt (3 bytes)
2026-02-06 14:38:20.950 [main] WARN  com.magenta.tools.FileSystemTools - Deleting: test_sandbox/todelete.txt
2026-02-06 14:38:20.950 [main] WARN  com.magenta.tools.FileSystemTools - Recursively deleting directory and all contents: test_sandbox
