WARNING: A terminally deprecated method in sun.misc.Unsafe has been called
WARNING: sun.misc.Unsafe::objectFieldOffset has been called by com.google.common.util.concurrent.AbstractFuture$UnsafeAtomicHelper (file:/usr/share/maven/lib/guava-33.4.8-jre.jar)
WARNING: Please consider reporting this to the maintainers of class com.google.common.util.concurrent.AbstractFuture$UnsafeAtomicHelper
WARNING: sun.misc.Unsafe::objectFieldOffset will be removed in a future release
[INFO] Scanning for projects...
[INFO]
[INFO] -----------------------< io.mindspice:magenta2 >------------------------
[INFO] Building magenta2 0.0.1-SNAPSHOT
[INFO]   from pom.xml
[INFO] --------------------------------[ jar ]---------------------------------
[INFO]
[INFO] >>> spring-boot:3.4.4:run (default-cli) > test-compile @ magenta2 >>>
[INFO]
[INFO] --- resources:3.3.1:resources (default-resources) @ magenta2 ---
[INFO] Copying 1 resource from src/main/resources to target/classes
[INFO] Copying 17 resources from src/main/resources to target/classes
[INFO]
[INFO] --- compiler:3.13.0:compile (default-compile) @ magenta2 ---
[INFO] Nothing to compile - all classes are up to date.
[INFO]
[INFO] --- resources:3.3.1:testResources (default-testResources) @ magenta2 ---
[INFO] Copying 1 resource from src/test/resources to target/test-classes
[INFO]
[INFO] --- compiler:3.13.0:testCompile (default-testCompile) @ magenta2 ---
[INFO] Nothing to compile - all classes are up to date.
[INFO]
[INFO] <<< spring-boot:3.4.4:run (default-cli) < test-compile @ magenta2 <<<
[INFO]
[INFO]
[INFO] --- spring-boot:3.4.4:run (default-cli) @ magenta2 ---
[INFO] Attaching agents: []

  .   ____          _            __ _ _
 /\\ / ___'_ __ _ _(_)_ __  __ _ \ \ \ \
( ( )\___ | '_ | '_| | '_ \/ _` | \ \ \ \
 \\/  ___)| |_)| | | | | || (_| |  ) ) ) )
  '  |____| .__|_| |_|_| |_\__, | / / / /
 =========|_|==============|___/=/_/_/_/

 :: Spring Boot ::                (v3.4.4)

2026-05-31T07:38:32.944-04:00  INFO 2707718 --- [           main] i.m.magenta2.Magenta2Application         : Starting Magenta2Application using Java 25.0.3 with PID 2707718 (/tmp/magenta2-phase11-browser/target/classes started by hickelpickle in /tmp/magenta2-phase11-browser)
2026-05-31T07:38:32.948-04:00  INFO 2707718 --- [           main] i.m.magenta2.Magenta2Application         : No active profile set, falling back to 1 default profile: "default"
2026-05-31T07:38:34.661-04:00  INFO 2707718 --- [           main] o.s.b.w.embedded.tomcat.TomcatWebServer  : Tomcat initialized with port 18080 (http)
2026-05-31T07:38:34.675-04:00  INFO 2707718 --- [           main] o.apache.catalina.core.StandardService   : Starting service [Tomcat]
2026-05-31T07:38:34.676-04:00  INFO 2707718 --- [           main] o.apache.catalina.core.StandardEngine    : Starting Servlet engine: [Apache Tomcat/10.1.39]
2026-05-31T07:38:34.724-04:00  INFO 2707718 --- [           main] o.a.c.c.C.[Tomcat].[localhost].[/]       : Initializing Spring embedded WebApplicationContext
2026-05-31T07:38:34.725-04:00  INFO 2707718 --- [           main] w.s.c.ServletWebServerApplicationContext : Root WebApplicationContext: initialization completed in 1726 ms
2026-05-31T07:38:34.917-04:00  INFO 2707718 --- [           main] com.zaxxer.hikari.HikariDataSource       : HikariPool-1 - Starting...
WARNING: A restricted method in java.lang.System has been called
WARNING: java.lang.System::load has been called by org.sqlite.SQLiteJDBCLoader in an unnamed module (file:/home/hickelpickle/.m2/repository/org/xerial/sqlite-jdbc/3.50.3.0/sqlite-jdbc-3.50.3.0.jar)
WARNING: Use --enable-native-access=ALL-UNNAMED to avoid a warning for callers in this module
WARNING: Restricted methods will be blocked in a future release unless native access is enabled

2026-05-31T07:38:35.105-04:00  INFO 2707718 --- [           main] com.zaxxer.hikari.pool.HikariPool        : HikariPool-1 - Added connection org.sqlite.jdbc4.JDBC4Connection@3dec3f87
2026-05-31T07:38:35.106-04:00  INFO 2707718 --- [           main] com.zaxxer.hikari.HikariDataSource       : HikariPool-1 - Start completed.
WARNING: A terminally deprecated method in sun.misc.Unsafe has been called
WARNING: sun.misc.Unsafe::invokeCleaner has been called by nonapi.io.github.classgraph.utils.FileUtils (file:/home/hickelpickle/.m2/repository/io/github/classgraph/classgraph/4.8.173/classgraph-4.8.173.jar)
WARNING: Please consider reporting this to the maintainers of class nonapi.io.github.classgraph.utils.FileUtils
WARNING: sun.misc.Unsafe::invokeCleaner will be removed in a future release
2026-05-31T07:38:37.598-04:00  INFO 2707718 --- [           main] o.s.b.a.e.web.EndpointLinksResolver      : Exposing 1 endpoint beneath base path '/actuator'
2026-05-31T07:38:37.689-04:00  INFO 2707718 --- [           main] o.s.b.w.embedded.tomcat.TomcatWebServer  : Tomcat started on port 18080 (http) with context path '/'
2026-05-31T07:38:37.708-04:00  INFO 2707718 --- [           main] i.m.magenta2.Magenta2Application         : Started Magenta2Application in 5.216 seconds (process running for 5.522)
2026-05-31T07:38:37.797-04:00  INFO 2707718 --- [           main] i.m.m.a.o.r.OrchestrationRunnerService   : Startup recovery: marked 0 stale RUNNING assignments as INTERRUPTED
2026-05-31T07:38:38.380-04:00  INFO 2707718 --- [io-18080-exec-1] o.a.c.c.C.[Tomcat].[localhost].[/]       : Initializing Spring DispatcherServlet 'dispatcherServlet'
2026-05-31T07:38:38.380-04:00  INFO 2707718 --- [io-18080-exec-1] o.s.web.servlet.DispatcherServlet        : Initializing Servlet 'dispatcherServlet'
2026-05-31T07:38:38.381-04:00  INFO 2707718 --- [io-18080-exec-1] o.s.web.servlet.DispatcherServlet        : Completed initialization in 1 ms
